// Header Size: 12 bytes
.maxstack 3
.locals init (
	[0] System.Boolean,
	[1] System.Int32,
)

IL_0000: nop
IL_0001: ldarg.0
IL_0002: ldc.i4.0
IL_0003: ceq
IL_0005: stloc.0
IL_0006: ldloc.0
IL_0007: brfalse.s IL_000D
IL_0009: ldarg.1
IL_000A: stloc.1
IL_000B: br.s      IL_001B
IL_000D: ldarg.0
IL_000E: ldc.i4.1
IL_000F: sub
IL_0010: ldarg.1
IL_0011: ldarg.0
IL_0012: add
IL_0013: tail.
IL_0015: call      System.Int32 Confuser.Optimizations.TailCall.TailCallTest::RecursiveSum(System.Int32,System.Int32)
IL_001A: ret
IL_001B: ldloc.1
IL_001C: ret
