// Header Size: 12 bytes
.maxstack 2
.locals init (
	[0] System.IO.Stream,
	[1] System.Int32,
)

IL_0000: nop
IL_0001: newobj    System.Void System.IO.MemoryStream::.ctor()
IL_0006: stloc.0
try {
	IL_0007: nop
	IL_0008: ldloc.0
	IL_0009: ldc.i4.0
	IL_000A: conv.i8
	IL_000B: callvirt  System.Void System.IO.Stream::set_Position(System.Int64)
	IL_0010: nop
	IL_0011: nop
	IL_0012: leave.s   IL_0020
} finally {
	IL_0014: ldloc.0
	IL_0015: brfalse.s IL_001E
	IL_0017: ldloc.0
	IL_0018: callvirt  System.Void System.IDisposable::Dispose()
	IL_001D: nop
	IL_001E: endfinally
}
IL_001F: ldc.i4.1
IL_0020: ldarg.0
IL_0021: add
IL_0022: stloc.1
IL_0023: br.s      IL_0025
IL_0025: ldloc.1
IL_0026: ret
